MSBuild version 17.13.9+e0f243f1e for .NET Framework

  sfml-system.vcxproj -> C:\dev\ShoeEngine\build\_deps\sfml-build\lib\Release\sfml-system-2.dll
  sfml-audio.vcxproj -> C:\dev\ShoeEngine\build\_deps\sfml-build\lib\Release\sfml-audio-2.dll
  sfml-window.vcxproj -> C:\dev\ShoeEngine\build\_deps\sfml-build\lib\Release\sfml-window-2.dll
  sfml-graphics.vcxproj -> C:\dev\ShoeEngine\build\_deps\sfml-build\lib\Release\sfml-graphics-2.dll
  sfml-network.vcxproj -> C:\dev\ShoeEngine\build\_deps\sfml-build\lib\Release\sfml-network-2.dll
  ShoeEngine_lib.vcxproj -> C:\dev\ShoeEngine\build\Release\ShoeEngine_lib.lib
  ShoeEngine.vcxproj -> C:\dev\ShoeEngine\build\bin\Release\ShoeEngine.exe
  gtest.vcxproj -> C:\dev\ShoeEngine\build\bin\Release\gtest.dll
  gtest_main.vcxproj -> C:\dev\ShoeEngine\build\bin\Release\gtest_main.dll
  ShoeEngine_tests.vcxproj -> C:\dev\ShoeEngine\build\bin\Release\ShoeEngine_tests.exe
  gmock.vcxproj -> C:\dev\ShoeEngine\build\bin\Release\gmock.dll
  gmock_main.vcxproj -> C:\dev\ShoeEngine\build\bin\Release\gmock_main.dll
  sfml-main.vcxproj -> C:\dev\ShoeEngine\build\_deps\sfml-build\lib\Release\sfml-main.lib
